// Jest Snapshot v1, https://goo.gl/fbAQLP

exports[`matches snapshot 1`] = `
<DocumentFragment>
  <div
    class="SearchBar"
  >
    <form
      class="SearchBar"
    >
      <label
        class="mb3 col-sm-2 col-form-label"
        for="searchInput"
      >
         
      </label>
      <input
        class="form-control"
        id="searchInput"
        name="searchInput"
        placeholder="Enter search term..."
        required=""
        type="text"
        value=""
      />
      <button
        class="btn btn-primary"
      >
        Submit
      </button>
    </form>
  </div>
</DocumentFragment>
`;
