// Jest Snapshot v1, https://goo.gl/fbAQLP

exports[`matches snapshot 1`] = `
<DocumentFragment>
  <div
    class="Not-Found card"
  >
    <div
      class="card-title"
    >
      <h1>
        404
      </h1>
    </div>
    <div
      class="card-body"
    >
      <p
        class="card-text"
      >
        Sorry the page you were looking for doesn't exist.
      </p>
    </div>
  </div>
</DocumentFragment>
`;
